{
    "B": {
        "0": {
            "poolId": "B",
            "uniqueEntityId": "01FR9EZ700GF58SYZDR14FD5WJ",
            "nonUniqueEntityId": 1,
            "entity": {
                "uniqueEntityId": "01FR9EZ700GF58SYZDR14FD5WJ",
                "nonUniqueEntityId": 1
            }
        },
        "2": {
            "poolId": "B",
            "uniqueEntityId": "01FR9EZ700GF58SYZDR14FD5X0",
            "nonUniqueEntityId": 5,
            "entity": {
                "uniqueEntityId": "01FR9EZ700GF58SYZDR14FD5X0",
                "nonUniqueEntityId": 5
            }
        },
        "3": {
            "poolId": "B",
            "uniqueEntityId": "01FR9EZ700GF58SYZDR14FD5X3",
            "nonUniqueEntityId": 7,
            "entity": {
                "uniqueEntityId": "01FR9EZ700GF58SYZDR14FD5X3",
                "nonUniqueEntityId": 7
            }
        },
        "4": {
            "poolId": "B",
            "uniqueEntityId": "01FR9EZ700GF58SYZDR14FD5X4",
            "nonUniqueEntityId": 8,
            "entity": {
                "uniqueEntityId": "01FR9EZ700GF58SYZDR14FD5X4",
                "nonUniqueEntityId": 8
            }
        },
        "6": {
            "poolId": "B",
            "uniqueEntityId": "01FR9EZ700GF58SYZDR14FD5XG",
            "nonUniqueEntityId": 11,
            "entity": {
                "uniqueEntityId": "01FR9EZ700GF58SYZDR14FD5XG",
                "nonUniqueEntityId": 11
            }
        },
        "7": {
            "poolId": "B",
            "uniqueEntityId": "01FR9EZ700GF58SYZDR14FD5XH",
            "nonUniqueEntityId": 12,
            "entity": {
                "uniqueEntityId": "01FR9EZ700GF58SYZDR14FD5XH",
                "nonUniqueEntityId": 12
            }
        },
        "9": {
            "poolId": "B",
            "uniqueEntityId": "01FR9EZ700GF58SYZDR14FD5Y0",
            "nonUniqueEntityId": 15,
            "entity": {
                "uniqueEntityId": "01FR9EZ700GF58SYZDR14FD5Y0",
                "nonUniqueEntityId": 15
            }
        },
        "10": {
            "poolId": "B",
            "uniqueEntityId": "01FR9EZ700GF58SYZDR14FD5Y3",
            "nonUniqueEntityId": 17,
            "entity": {
                "uniqueEntityId": "01FR9EZ700GF58SYZDR14FD5Y3",
                "nonUniqueEntityId": 17
            }
        },
        "15": {
            "poolId": "B",
            "uniqueEntityId": "01FR9EZ700GF58SYZDR14FD5Z9",
            "nonUniqueEntityId": 27,
            "entity": {
                "uniqueEntityId": "01FR9EZ700GF58SYZDR14FD5Z9",
                "nonUniqueEntityId": 27
            }
        },
        "17": {
            "poolId": "B",
            "uniqueEntityId": "01FR9EZ700GF58SYZDR14FD5ZS",
            "nonUniqueEntityId": 30,
            "entity": {
                "uniqueEntityId": "01FR9EZ700GF58SYZDR14FD5ZS",
                "nonUniqueEntityId": 30
            }
        },
        "18": {
            "poolId": "B",
            "uniqueEntityId": "01FR9EZ700GF58SYZDR14FD5ZT",
            "nonUniqueEntityId": 31,
            "entity": {
                "uniqueEntityId": "01FR9EZ700GF58SYZDR14FD5ZT",
                "nonUniqueEntityId": 31
            }
        },
        "19": {
            "poolId": "B",
            "uniqueEntityId": "01FR9EZ700GF58SYZDR14FD601",
            "nonUniqueEntityId": 34,
            "entity": {
                "uniqueEntityId": "01FR9EZ700GF58SYZDR14FD601",
                "nonUniqueEntityId": 34
            }
        },
        "20": {
            "poolId": "B",
            "uniqueEntityId": "01FR9EZ700GF58SYZDR14FD608",
            "nonUniqueEntityId": 39,
            "entity": {
                "uniqueEntityId": "01FR9EZ700GF58SYZDR14FD608",
                "nonUniqueEntityId": 39
            }
        },
        "23": {
            "poolId": "B",
            "uniqueEntityId": "01FR9EZ700GF58SYZDR14FD60Q",
            "nonUniqueEntityId": 42,
            "entity": {
                "uniqueEntityId": "01FR9EZ700GF58SYZDR14FD60Q",
                "nonUniqueEntityId": 42
            }
        },
        "24": {
            "poolId": "B",
            "uniqueEntityId": "01FR9EZ700GF58SYZDR14FD60X",
            "nonUniqueEntityId": 45,
            "entity": {
                "uniqueEntityId": "01FR9EZ700GF58SYZDR14FD60X",
                "nonUniqueEntityId": 45
            }
        },
        "26": {
            "poolId": "B",
            "uniqueEntityId": "01FR9EZ700GF58SYZDR14FD612",
            "nonUniqueEntityId": 47,
            "entity": {
                "uniqueEntityId": "01FR9EZ700GF58SYZDR14FD612",
                "nonUniqueEntityId": 47
            }
        },
        "27": {
            "poolId": "B",
            "uniqueEntityId": "01FR9EZ700GF58SYZDR14FD616",
            "nonUniqueEntityId": 49,
            "entity": {
                "uniqueEntityId": "01FR9EZ700GF58SYZDR14FD616",
                "nonUniqueEntityId": 49
            }
        },
        "29": {
            "poolId": "B",
            "uniqueEntityId": "01FR9EZ700GF58SYZDR14FD61H",
            "nonUniqueEntityId": 54,
            "entity": {
                "uniqueEntityId": "01FR9EZ700GF58SYZDR14FD61H",
                "nonUniqueEntityId": 54
            }
        },
        "31": {
            "poolId": "B",
            "uniqueEntityId": "01FR9EZ700GF58SYZDR14FD61S",
            "nonUniqueEntityId": 55,
            "entity": {
                "uniqueEntityId": "01FR9EZ700GF58SYZDR14FD61S",
                "nonUniqueEntityId": 55
            }
        },
        "32": {
            "poolId": "B",
            "uniqueEntityId": "01FR9EZ700GF58SYZDR14FD621",
            "nonUniqueEntityId": 60,
            "entity": {
                "uniqueEntityId": "01FR9EZ700GF58SYZDR14FD621",
                "nonUniqueEntityId": 60
            }
        }
    },
    "A": {
        "1": {
            "poolId": "A",
            "uniqueEntityId": "01FR9EZ700GF58SYZDR14FD5WT",
            "nonUniqueEntityId": 3,
            "entity": {
                "uniqueEntityId": "01FR9EZ700GF58SYZDR14FD5WT",
                "nonUniqueEntityId": 3
            }
        },
        "3": {
            "poolId": "A",
            "uniqueEntityId": "01FR9EZ700GF58SYZDR14FD5WZ",
            "nonUniqueEntityId": 4,
            "entity": {
                "uniqueEntityId": "01FR9EZ700GF58SYZDR14FD5WZ",
                "nonUniqueEntityId": 4
            }
        },
        "5": {
            "poolId": "A",
            "uniqueEntityId": "01FR9EZ700GF58SYZDR14FD5XD",
            "nonUniqueEntityId": 10,
            "entity": {
                "uniqueEntityId": "01FR9EZ700GF58SYZDR14FD5XD",
                "nonUniqueEntityId": 10
            }
        },
        "6": {
            "poolId": "A",
            "uniqueEntityId": "01FR9EZ700GF58SYZDR14FD5XQ",
            "nonUniqueEntityId": 13,
            "entity": {
                "uniqueEntityId": "01FR9EZ700GF58SYZDR14FD5XQ",
                "nonUniqueEntityId": 13
            }
        },
        "7": {
            "poolId": "A",
            "uniqueEntityId": "01FR9EZ700GF58SYZDR14FD5Y1",
            "nonUniqueEntityId": 16,
            "entity": {
                "uniqueEntityId": "01FR9EZ700GF58SYZDR14FD5Y1",
                "nonUniqueEntityId": 16
            }
        },
        "10": {
            "poolId": "A",
            "uniqueEntityId": "01FR9EZ700GF58SYZDR14FD5YK",
            "nonUniqueEntityId": 19,
            "entity": {
                "uniqueEntityId": "01FR9EZ700GF58SYZDR14FD5YK",
                "nonUniqueEntityId": 19
            }
        },
        "11": {
            "poolId": "A",
            "uniqueEntityId": "01FR9EZ700GF58SYZDR14FD5YP",
            "nonUniqueEntityId": 21,
            "entity": {
                "uniqueEntityId": "01FR9EZ700GF58SYZDR14FD5YP",
                "nonUniqueEntityId": 21
            }
        },
        "12": {
            "poolId": "A",
            "uniqueEntityId": "01FR9EZ700GF58SYZDR14FD5YV",
            "nonUniqueEntityId": 22,
            "entity": {
                "uniqueEntityId": "01FR9EZ700GF58SYZDR14FD5YV",
                "nonUniqueEntityId": 22
            }
        },
        "13": {
            "poolId": "A",
            "uniqueEntityId": "01FR9EZ700GF58SYZDR14FD5Z7",
            "nonUniqueEntityId": 26,
            "entity": {
                "uniqueEntityId": "01FR9EZ700GF58SYZDR14FD5Z7",
                "nonUniqueEntityId": 26
            }
        },
        "14": {
            "poolId": "A",
            "uniqueEntityId": "01FR9EZ700GF58SYZDR14FD5ZD",
            "nonUniqueEntityId": 28,
            "entity": {
                "uniqueEntityId": "01FR9EZ700GF58SYZDR14FD5ZD",
                "nonUniqueEntityId": 28
            }
        },
        "17": {
            "poolId": "A",
            "uniqueEntityId": "01FR9EZ700GF58SYZDR14FD600",
            "nonUniqueEntityId": 33,
            "entity": {
                "uniqueEntityId": "01FR9EZ700GF58SYZDR14FD600",
                "nonUniqueEntityId": 33
            }
        },
        "19": {
            "poolId": "A",
            "uniqueEntityId": "01FR9EZ700GF58SYZDR14FD604",
            "nonUniqueEntityId": 36,
            "entity": {
                "uniqueEntityId": "01FR9EZ700GF58SYZDR14FD604",
                "nonUniqueEntityId": 36
            }
        },
        "20": {
            "poolId": "A",
            "uniqueEntityId": "01FR9EZ700GF58SYZDR14FD605",
            "nonUniqueEntityId": 37,
            "entity": {
                "uniqueEntityId": "01FR9EZ700GF58SYZDR14FD605",
                "nonUniqueEntityId": 37
            }
        },
        "23": {
            "poolId": "A",
            "uniqueEntityId": "01FR9EZ700GF58SYZDR14FD60M",
            "nonUniqueEntityId": 40,
            "entity": {
                "uniqueEntityId": "01FR9EZ700GF58SYZDR14FD60M",
                "nonUniqueEntityId": 40
            }
        },
        "24": {
            "poolId": "A",
            "uniqueEntityId": "01FR9EZ700GF58SYZDR14FD60N",
            "nonUniqueEntityId": 41,
            "entity": {
                "uniqueEntityId": "01FR9EZ700GF58SYZDR14FD60N",
                "nonUniqueEntityId": 41
            }
        },
        "25": {
            "poolId": "A",
            "uniqueEntityId": "01FR9EZ700GF58SYZDR14FD619",
            "nonUniqueEntityId": 51,
            "entity": {
                "uniqueEntityId": "01FR9EZ700GF58SYZDR14FD619",
                "nonUniqueEntityId": 51
            }
        },
        "26": {
            "poolId": "A",
            "uniqueEntityId": "01FR9EZ700GF58SYZDR14FD61D",
            "nonUniqueEntityId": 52,
            "entity": {
                "uniqueEntityId": "01FR9EZ700GF58SYZDR14FD61D",
                "nonUniqueEntityId": 52
            }
        },
        "27": {
            "poolId": "A",
            "uniqueEntityId": "01FR9EZ700GF58SYZDR14FD61F",
            "nonUniqueEntityId": 53,
            "entity": {
                "uniqueEntityId": "01FR9EZ700GF58SYZDR14FD61F",
                "nonUniqueEntityId": 53
            }
        },
        "29": {
            "poolId": "A",
            "uniqueEntityId": "01FR9EZ700GF58SYZDR14FD61X",
            "nonUniqueEntityId": 58,
            "entity": {
                "uniqueEntityId": "01FR9EZ700GF58SYZDR14FD61X",
                "nonUniqueEntityId": 58
            }
        },
        "30": {
            "poolId": "A",
            "uniqueEntityId": "01FR9EZ700GF58SYZDR14FD620",
            "nonUniqueEntityId": 59,
            "entity": {
                "uniqueEntityId": "01FR9EZ700GF58SYZDR14FD620",
                "nonUniqueEntityId": 59
            }
        }
    },
    "C": {
        "0": {
            "poolId": "C",
            "uniqueEntityId": "01FR9EZ700GF58SYZDR14FD5WN",
            "nonUniqueEntityId": 2,
            "entity": {
                "uniqueEntityId": "01FR9EZ700GF58SYZDR14FD5WN",
                "nonUniqueEntityId": 2
            }
        },
        "2": {
            "poolId": "C",
            "uniqueEntityId": "01FR9EZ700GF58SYZDR14FD5X1",
            "nonUniqueEntityId": 6,
            "entity": {
                "uniqueEntityId": "01FR9EZ700GF58SYZDR14FD5X1",
                "nonUniqueEntityId": 6
            }
        },
        "3": {
            "poolId": "C",
            "uniqueEntityId": "01FR9EZ700GF58SYZDR14FD5X9",
            "nonUniqueEntityId": 9,
            "entity": {
                "uniqueEntityId": "01FR9EZ700GF58SYZDR14FD5X9",
                "nonUniqueEntityId": 9
            }
        },
        "6": {
            "poolId": "C",
            "uniqueEntityId": "01FR9EZ700GF58SYZDR14FD5XR",
            "nonUniqueEntityId": 14,
            "entity": {
                "uniqueEntityId": "01FR9EZ700GF58SYZDR14FD5XR",
                "nonUniqueEntityId": 14
            }
        },
        "7": {
            "poolId": "C",
            "uniqueEntityId": "01FR9EZ700GF58SYZDR14FD5Y8",
            "nonUniqueEntityId": 18,
            "entity": {
                "uniqueEntityId": "01FR9EZ700GF58SYZDR14FD5Y8",
                "nonUniqueEntityId": 18
            }
        },
        "9": {
            "poolId": "C",
            "uniqueEntityId": "01FR9EZ700GF58SYZDR14FD5YN",
            "nonUniqueEntityId": 20,
            "entity": {
                "uniqueEntityId": "01FR9EZ700GF58SYZDR14FD5YN",
                "nonUniqueEntityId": 20
            }
        },
        "10": {
            "poolId": "C",
            "uniqueEntityId": "01FR9EZ700GF58SYZDR14FD5YY",
            "nonUniqueEntityId": 23,
            "entity": {
                "uniqueEntityId": "01FR9EZ700GF58SYZDR14FD5YY",
                "nonUniqueEntityId": 23
            }
        },
        "11": {
            "poolId": "C",
            "uniqueEntityId": "01FR9EZ700GF58SYZDR14FD5Z0",
            "nonUniqueEntityId": 24,
            "entity": {
                "uniqueEntityId": "01FR9EZ700GF58SYZDR14FD5Z0",
                "nonUniqueEntityId": 24
            }
        },
        "12": {
            "poolId": "C",
            "uniqueEntityId": "01FR9EZ700GF58SYZDR14FD5Z5",
            "nonUniqueEntityId": 25,
            "entity": {
                "uniqueEntityId": "01FR9EZ700GF58SYZDR14FD5Z5",
                "nonUniqueEntityId": 25
            }
        },
        "14": {
            "poolId": "C",
            "uniqueEntityId": "01FR9EZ700GF58SYZDR14FD5ZP",
            "nonUniqueEntityId": 29,
            "entity": {
                "uniqueEntityId": "01FR9EZ700GF58SYZDR14FD5ZP",
                "nonUniqueEntityId": 29
            }
        },
        "16": {
            "poolId": "C",
            "uniqueEntityId": "01FR9EZ700GF58SYZDR14FD5ZZ",
            "nonUniqueEntityId": 32,
            "entity": {
                "uniqueEntityId": "01FR9EZ700GF58SYZDR14FD5ZZ",
                "nonUniqueEntityId": 32
            }
        },
        "17": {
            "poolId": "C",
            "uniqueEntityId": "01FR9EZ700GF58SYZDR14FD603",
            "nonUniqueEntityId": 35,
            "entity": {
                "uniqueEntityId": "01FR9EZ700GF58SYZDR14FD603",
                "nonUniqueEntityId": 35
            }
        },
        "18": {
            "poolId": "C",
            "uniqueEntityId": "01FR9EZ700GF58SYZDR14FD606",
            "nonUniqueEntityId": 38,
            "entity": {
                "uniqueEntityId": "01FR9EZ700GF58SYZDR14FD606",
                "nonUniqueEntityId": 38
            }
        },
        "20": {
            "poolId": "C",
            "uniqueEntityId": "01FR9EZ700GF58SYZDR14FD60R",
            "nonUniqueEntityId": 43,
            "entity": {
                "uniqueEntityId": "01FR9EZ700GF58SYZDR14FD60R",
                "nonUniqueEntityId": 43
            }
        },
        "21": {
            "poolId": "C",
            "uniqueEntityId": "01FR9EZ700GF58SYZDR14FD60T",
            "nonUniqueEntityId": 44,
            "entity": {
                "uniqueEntityId": "01FR9EZ700GF58SYZDR14FD60T",
                "nonUniqueEntityId": 44
            }
        },
        "23": {
            "poolId": "C",
            "uniqueEntityId": "01FR9EZ700GF58SYZDR14FD611",
            "nonUniqueEntityId": 46,
            "entity": {
                "uniqueEntityId": "01FR9EZ700GF58SYZDR14FD611",
                "nonUniqueEntityId": 46
            }
        },
        "24": {
            "poolId": "C",
            "uniqueEntityId": "01FR9EZ700GF58SYZDR14FD614",
            "nonUniqueEntityId": 48,
            "entity": {
                "uniqueEntityId": "01FR9EZ700GF58SYZDR14FD614",
                "nonUniqueEntityId": 48
            }
        },
        "25": {
            "poolId": "C",
            "uniqueEntityId": "01FR9EZ700GF58SYZDR14FD617",
            "nonUniqueEntityId": 50,
            "entity": {
                "uniqueEntityId": "01FR9EZ700GF58SYZDR14FD617",
                "nonUniqueEntityId": 50
            }
        },
        "27": {
            "poolId": "C",
            "uniqueEntityId": "01FR9EZ700GF58SYZDR14FD61T",
            "nonUniqueEntityId": 56,
            "entity": {
                "uniqueEntityId": "01FR9EZ700GF58SYZDR14FD61T",
                "nonUniqueEntityId": 56
            }
        },
        "28": {
            "poolId": "C",
            "uniqueEntityId": "01FR9EZ700GF58SYZDR14FD61W",
            "nonUniqueEntityId": 57,
            "entity": {
                "uniqueEntityId": "01FR9EZ700GF58SYZDR14FD61W",
                "nonUniqueEntityId": 57
            }
        }
    }
}
