{
    "A": {
        "0": {
            "poolId": "A",
            "uniqueEntityId": "01FR9EZ700GF58SYZDR14FD5WJ",
            "nonUniqueEntityId": 1,
            "entity": {
                "uniqueEntityId": "01FR9EZ700GF58SYZDR14FD5WJ",
                "nonUniqueEntityId": 1
            }
        },
        "1": {
            "poolId": "A",
            "uniqueEntityId": "01FR9EZ700GF58SYZDR14FD5WZ",
            "nonUniqueEntityId": 3,
            "entity": {
                "uniqueEntityId": "01FR9EZ700GF58SYZDR14FD5WZ",
                "nonUniqueEntityId": 3
            }
        },
        "2": {
            "poolId": "A",
            "uniqueEntityId": "01FR9EZ700GF58SYZDR14FD5XG",
            "nonUniqueEntityId": 6,
            "entity": {
                "uniqueEntityId": "01FR9EZ700GF58SYZDR14FD5XG",
                "nonUniqueEntityId": 6
            }
        },
        "3": {
            "poolId": "A",
            "uniqueEntityId": "01FR9EZ700GF58SYZDR14FD5XK",
            "nonUniqueEntityId": 7,
            "entity": {
                "uniqueEntityId": "01FR9EZ700GF58SYZDR14FD5XK",
                "nonUniqueEntityId": 7
            }
        },
        "5": {
            "poolId": "A",
            "uniqueEntityId": "01FR9EZ700GF58SYZDR14FD5YJ",
            "nonUniqueEntityId": 16,
            "entity": {
                "uniqueEntityId": "01FR9EZ700GF58SYZDR14FD5YJ",
                "nonUniqueEntityId": 16
            }
        },
        "6": {
            "poolId": "A",
            "uniqueEntityId": "01FR9EZ700GF58SYZDR14FD5YY",
            "nonUniqueEntityId": 19,
            "entity": {
                "uniqueEntityId": "01FR9EZ700GF58SYZDR14FD5YY",
                "nonUniqueEntityId": 19
            }
        },
        "8": {
            "poolId": "A",
            "uniqueEntityId": "01FR9EZ700GF58SYZDR14FD5ZB",
            "nonUniqueEntityId": 21,
            "entity": {
                "uniqueEntityId": "01FR9EZ700GF58SYZDR14FD5ZB",
                "nonUniqueEntityId": 21
            }
        },
        "10": {
            "poolId": "A",
            "uniqueEntityId": "01FR9EZ700GF58SYZDR14FD5ZM",
            "nonUniqueEntityId": 24,
            "entity": {
                "uniqueEntityId": "01FR9EZ700GF58SYZDR14FD5ZM",
                "nonUniqueEntityId": 24
            }
        },
        "11": {
            "poolId": "A",
            "uniqueEntityId": "01FR9EZ700GF58SYZDR14FD5ZS",
            "nonUniqueEntityId": 26,
            "entity": {
                "uniqueEntityId": "01FR9EZ700GF58SYZDR14FD5ZS",
                "nonUniqueEntityId": 26
            }
        },
        "14": {
            "poolId": "A",
            "uniqueEntityId": "01FR9EZ700GF58SYZDR14FD60D",
            "nonUniqueEntityId": 30,
            "entity": {
                "uniqueEntityId": "01FR9EZ700GF58SYZDR14FD60D",
                "nonUniqueEntityId": 30
            }
        },
        "15": {
            "poolId": "A",
            "uniqueEntityId": "01FR9EZ700GF58SYZDR14FD60K",
            "nonUniqueEntityId": 31,
            "entity": {
                "uniqueEntityId": "01FR9EZ700GF58SYZDR14FD60K",
                "nonUniqueEntityId": 31
            }
        },
        "17": {
            "poolId": "A",
            "uniqueEntityId": "01FR9EZ700GF58SYZDR14FD61M",
            "nonUniqueEntityId": 36,
            "entity": {
                "uniqueEntityId": "01FR9EZ700GF58SYZDR14FD61M",
                "nonUniqueEntityId": 36
            }
        },
        "18": {
            "poolId": "A",
            "uniqueEntityId": "01FR9EZ700GF58SYZDR14FD61S",
            "nonUniqueEntityId": 37,
            "entity": {
                "uniqueEntityId": "01FR9EZ700GF58SYZDR14FD61S",
                "nonUniqueEntityId": 37
            }
        },
        "26": {
            "poolId": "A",
            "uniqueEntityId": "01FR9EZ700GF58SYZDR14FD62T",
            "nonUniqueEntityId": 43,
            "entity": {
                "uniqueEntityId": "01FR9EZ700GF58SYZDR14FD62T",
                "nonUniqueEntityId": 43
            }
        },
        "27": {
            "poolId": "A",
            "uniqueEntityId": "01FR9EZ700GF58SYZDR14FD62X",
            "nonUniqueEntityId": 44,
            "entity": {
                "uniqueEntityId": "01FR9EZ700GF58SYZDR14FD62X",
                "nonUniqueEntityId": 44
            }
        },
        "30": {
            "poolId": "A",
            "uniqueEntityId": "01FR9EZ700GF58SYZDR14FD638",
            "nonUniqueEntityId": 47,
            "entity": {
                "uniqueEntityId": "01FR9EZ700GF58SYZDR14FD638",
                "nonUniqueEntityId": 47
            }
        },
        "31": {
            "poolId": "A",
            "uniqueEntityId": "01FR9EZ700GF58SYZDR14FD63K",
            "nonUniqueEntityId": 52,
            "entity": {
                "uniqueEntityId": "01FR9EZ700GF58SYZDR14FD63K",
                "nonUniqueEntityId": 52
            }
        },
        "32": {
            "poolId": "A",
            "uniqueEntityId": "01FR9EZ700GF58SYZDR14FD63P",
            "nonUniqueEntityId": 53,
            "entity": {
                "uniqueEntityId": "01FR9EZ700GF58SYZDR14FD63P",
                "nonUniqueEntityId": 53
            }
        },
        "34": {
            "poolId": "A",
            "uniqueEntityId": "01FR9EZ700GF58SYZDR14FD63V",
            "nonUniqueEntityId": 55,
            "entity": {
                "uniqueEntityId": "01FR9EZ700GF58SYZDR14FD63V",
                "nonUniqueEntityId": 55
            }
        },
        "36": {
            "poolId": "A",
            "uniqueEntityId": "01FR9EZ700GF58SYZDR14FD64G",
            "nonUniqueEntityId": 59,
            "entity": {
                "uniqueEntityId": "01FR9EZ700GF58SYZDR14FD64G",
                "nonUniqueEntityId": 59
            }
        },
        "40": {
            "poolId": "A",
            "uniqueEntityId": "01FR9EZ700GF58SYZDR14FD655",
            "nonUniqueEntityId": 62,
            "entity": {
                "uniqueEntityId": "01FR9EZ700GF58SYZDR14FD655",
                "nonUniqueEntityId": 62
            }
        },
        "41": {
            "poolId": "A",
            "uniqueEntityId": "01FR9EZ700GF58SYZDR14FD659",
            "nonUniqueEntityId": 63,
            "entity": {
                "uniqueEntityId": "01FR9EZ700GF58SYZDR14FD659",
                "nonUniqueEntityId": 63
            }
        },
        "43": {
            "poolId": "A",
            "uniqueEntityId": "01FR9EZ700GF58SYZDR14FD65W",
            "nonUniqueEntityId": 68,
            "entity": {
                "uniqueEntityId": "01FR9EZ700GF58SYZDR14FD65W",
                "nonUniqueEntityId": 68
            }
        },
        "46": {
            "poolId": "A",
            "uniqueEntityId": "01FR9EZ700GF58SYZDR14FD66D",
            "nonUniqueEntityId": 71,
            "entity": {
                "uniqueEntityId": "01FR9EZ700GF58SYZDR14FD66D",
                "nonUniqueEntityId": 71
            }
        },
        "48": {
            "poolId": "A",
            "uniqueEntityId": "01FR9EZ700GF58SYZDR14FD66P",
            "nonUniqueEntityId": 74,
            "entity": {
                "uniqueEntityId": "01FR9EZ700GF58SYZDR14FD66P",
                "nonUniqueEntityId": 74
            }
        },
        "49": {
            "poolId": "A",
            "uniqueEntityId": "01FR9EZ700GF58SYZDR14FD66T",
            "nonUniqueEntityId": 76,
            "entity": {
                "uniqueEntityId": "01FR9EZ700GF58SYZDR14FD66T",
                "nonUniqueEntityId": 76
            }
        },
        "53": {
            "poolId": "A",
            "uniqueEntityId": "01FR9EZ700GF58SYZDR14FD67E",
            "nonUniqueEntityId": 81,
            "entity": {
                "uniqueEntityId": "01FR9EZ700GF58SYZDR14FD67E",
                "nonUniqueEntityId": 81
            }
        },
        "54": {
            "poolId": "A",
            "uniqueEntityId": "01FR9EZ700GF58SYZDR14FD67M",
            "nonUniqueEntityId": 82,
            "entity": {
                "uniqueEntityId": "01FR9EZ700GF58SYZDR14FD67M",
                "nonUniqueEntityId": 82
            }
        },
        "57": {
            "poolId": "A",
            "uniqueEntityId": "01FR9EZ700GF58SYZDR14FD67W",
            "nonUniqueEntityId": 85,
            "entity": {
                "uniqueEntityId": "01FR9EZ700GF58SYZDR14FD67W",
                "nonUniqueEntityId": 85
            }
        },
        "59": {
            "poolId": "A",
            "uniqueEntityId": "01FR9EZ700GF58SYZDR14FD682",
            "nonUniqueEntityId": 87,
            "entity": {
                "uniqueEntityId": "01FR9EZ700GF58SYZDR14FD682",
                "nonUniqueEntityId": 87
            }
        },
        "61": {
            "poolId": "A",
            "uniqueEntityId": "01FR9EZ700GF58SYZDR14FD68D",
            "nonUniqueEntityId": 91,
            "entity": {
                "uniqueEntityId": "01FR9EZ700GF58SYZDR14FD68D",
                "nonUniqueEntityId": 91
            }
        },
        "62": {
            "poolId": "A",
            "uniqueEntityId": "01FR9EZ700GF58SYZDR14FD68T",
            "nonUniqueEntityId": 95,
            "entity": {
                "uniqueEntityId": "01FR9EZ700GF58SYZDR14FD68T",
                "nonUniqueEntityId": 95
            }
        },
        "63": {
            "poolId": "A",
            "uniqueEntityId": "01FR9EZ700GF58SYZDR14FD68V",
            "nonUniqueEntityId": 96,
            "entity": {
                "uniqueEntityId": "01FR9EZ700GF58SYZDR14FD68V",
                "nonUniqueEntityId": 96
            }
        },
        "66": {
            "poolId": "A",
            "uniqueEntityId": "01FR9EZ700GF58SYZDR14FD69T",
            "nonUniqueEntityId": 101,
            "entity": {
                "uniqueEntityId": "01FR9EZ700GF58SYZDR14FD69T",
                "nonUniqueEntityId": 101
            }
        },
        "67": {
            "poolId": "A",
            "uniqueEntityId": "01FR9EZ700GF58SYZDR14FD6A3",
            "nonUniqueEntityId": 105,
            "entity": {
                "uniqueEntityId": "01FR9EZ700GF58SYZDR14FD6A3",
                "nonUniqueEntityId": 105
            }
        },
        "69": {
            "poolId": "A",
            "uniqueEntityId": "01FR9EZ700GF58SYZDR14FD6AP",
            "nonUniqueEntityId": 112,
            "entity": {
                "uniqueEntityId": "01FR9EZ700GF58SYZDR14FD6AP",
                "nonUniqueEntityId": 112
            }
        },
        "70": {
            "poolId": "A",
            "uniqueEntityId": "01FR9EZ700GF58SYZDR14FD6B3",
            "nonUniqueEntityId": 113,
            "entity": {
                "uniqueEntityId": "01FR9EZ700GF58SYZDR14FD6B3",
                "nonUniqueEntityId": 113
            }
        },
        "71": {
            "poolId": "A",
            "uniqueEntityId": "01FR9EZ700GF58SYZDR14FD6B7",
            "nonUniqueEntityId": 114,
            "entity": {
                "uniqueEntityId": "01FR9EZ700GF58SYZDR14FD6B7",
                "nonUniqueEntityId": 114
            }
        },
        "73": {
            "poolId": "A",
            "uniqueEntityId": "01FR9EZ700GF58SYZDR14FD6BQ",
            "nonUniqueEntityId": 116,
            "entity": {
                "uniqueEntityId": "01FR9EZ700GF58SYZDR14FD6BQ",
                "nonUniqueEntityId": 116
            }
        },
        "74": {
            "poolId": "A",
            "uniqueEntityId": "01FR9EZ700GF58SYZDR14FD6BS",
            "nonUniqueEntityId": 117,
            "entity": {
                "uniqueEntityId": "01FR9EZ700GF58SYZDR14FD6BS",
                "nonUniqueEntityId": 117
            }
        }
    },
    "C": {
        "4": {
            "poolId": "C",
            "uniqueEntityId": "01FR9EZ700GF58SYZDR14FD5X0",
            "nonUniqueEntityId": 4,
            "entity": {
                "uniqueEntityId": "01FR9EZ700GF58SYZDR14FD5X0",
                "nonUniqueEntityId": 4
            }
        },
        "6": {
            "poolId": "C",
            "uniqueEntityId": "01FR9EZ700GF58SYZDR14FD5XN",
            "nonUniqueEntityId": 9,
            "entity": {
                "uniqueEntityId": "01FR9EZ700GF58SYZDR14FD5XN",
                "nonUniqueEntityId": 9
            }
        },
        "7": {
            "poolId": "C",
            "uniqueEntityId": "01FR9EZ700GF58SYZDR14FD5XY",
            "nonUniqueEntityId": 11,
            "entity": {
                "uniqueEntityId": "01FR9EZ700GF58SYZDR14FD5XY",
                "nonUniqueEntityId": 11
            }
        },
        "8": {
            "poolId": "C",
            "uniqueEntityId": "01FR9EZ700GF58SYZDR14FD5Y6",
            "nonUniqueEntityId": 14,
            "entity": {
                "uniqueEntityId": "01FR9EZ700GF58SYZDR14FD5Y6",
                "nonUniqueEntityId": 14
            }
        },
        "10": {
            "poolId": "C",
            "uniqueEntityId": "01FR9EZ700GF58SYZDR14FD5YD",
            "nonUniqueEntityId": 15,
            "entity": {
                "uniqueEntityId": "01FR9EZ700GF58SYZDR14FD5YD",
                "nonUniqueEntityId": 15
            }
        },
        "12": {
            "poolId": "C",
            "uniqueEntityId": "01FR9EZ700GF58SYZDR14FD5YR",
            "nonUniqueEntityId": 17,
            "entity": {
                "uniqueEntityId": "01FR9EZ700GF58SYZDR14FD5YR",
                "nonUniqueEntityId": 17
            }
        },
        "13": {
            "poolId": "C",
            "uniqueEntityId": "01FR9EZ700GF58SYZDR14FD5YV",
            "nonUniqueEntityId": 18,
            "entity": {
                "uniqueEntityId": "01FR9EZ700GF58SYZDR14FD5YV",
                "nonUniqueEntityId": 18
            }
        },
        "17": {
            "poolId": "C",
            "uniqueEntityId": "01FR9EZ700GF58SYZDR14FD5ZN",
            "nonUniqueEntityId": 25,
            "entity": {
                "uniqueEntityId": "01FR9EZ700GF58SYZDR14FD5ZN",
                "nonUniqueEntityId": 25
            }
        },
        "19": {
            "poolId": "C",
            "uniqueEntityId": "01FR9EZ700GF58SYZDR14FD5ZV",
            "nonUniqueEntityId": 27,
            "entity": {
                "uniqueEntityId": "01FR9EZ700GF58SYZDR14FD5ZV",
                "nonUniqueEntityId": 27
            }
        },
        "20": {
            "poolId": "C",
            "uniqueEntityId": "01FR9EZ700GF58SYZDR14FD602",
            "nonUniqueEntityId": 28,
            "entity": {
                "uniqueEntityId": "01FR9EZ700GF58SYZDR14FD602",
                "nonUniqueEntityId": 28
            }
        },
        "24": {
            "poolId": "C",
            "uniqueEntityId": "01FR9EZ700GF58SYZDR14FD60X",
            "nonUniqueEntityId": 32,
            "entity": {
                "uniqueEntityId": "01FR9EZ700GF58SYZDR14FD60X",
                "nonUniqueEntityId": 32
            }
        },
        "27": {
            "poolId": "C",
            "uniqueEntityId": "01FR9EZ700GF58SYZDR14FD61J",
            "nonUniqueEntityId": 35,
            "entity": {
                "uniqueEntityId": "01FR9EZ700GF58SYZDR14FD61J",
                "nonUniqueEntityId": 35
            }
        },
        "30": {
            "poolId": "C",
            "uniqueEntityId": "01FR9EZ700GF58SYZDR14FD61T",
            "nonUniqueEntityId": 38,
            "entity": {
                "uniqueEntityId": "01FR9EZ700GF58SYZDR14FD61T",
                "nonUniqueEntityId": 38
            }
        },
        "36": {
            "poolId": "C",
            "uniqueEntityId": "01FR9EZ700GF58SYZDR14FD62R",
            "nonUniqueEntityId": 41,
            "entity": {
                "uniqueEntityId": "01FR9EZ700GF58SYZDR14FD62R",
                "nonUniqueEntityId": 41
            }
        },
        "37": {
            "poolId": "C",
            "uniqueEntityId": "01FR9EZ700GF58SYZDR14FD62S",
            "nonUniqueEntityId": 42,
            "entity": {
                "uniqueEntityId": "01FR9EZ700GF58SYZDR14FD62S",
                "nonUniqueEntityId": 42
            }
        },
        "38": {
            "poolId": "C",
            "uniqueEntityId": "01FR9EZ700GF58SYZDR14FD633",
            "nonUniqueEntityId": 46,
            "entity": {
                "uniqueEntityId": "01FR9EZ700GF58SYZDR14FD633",
                "nonUniqueEntityId": 46
            }
        },
        "40": {
            "poolId": "C",
            "uniqueEntityId": "01FR9EZ700GF58SYZDR14FD63A",
            "nonUniqueEntityId": 49,
            "entity": {
                "uniqueEntityId": "01FR9EZ700GF58SYZDR14FD63A",
                "nonUniqueEntityId": 49
            }
        },
        "42": {
            "poolId": "C",
            "uniqueEntityId": "01FR9EZ700GF58SYZDR14FD63S",
            "nonUniqueEntityId": 54,
            "entity": {
                "uniqueEntityId": "01FR9EZ700GF58SYZDR14FD63S",
                "nonUniqueEntityId": 54
            }
        },
        "43": {
            "poolId": "C",
            "uniqueEntityId": "01FR9EZ700GF58SYZDR14FD63W",
            "nonUniqueEntityId": 56,
            "entity": {
                "uniqueEntityId": "01FR9EZ700GF58SYZDR14FD63W",
                "nonUniqueEntityId": 56
            }
        },
        "45": {
            "poolId": "C",
            "uniqueEntityId": "01FR9EZ700GF58SYZDR14FD64F",
            "nonUniqueEntityId": 58,
            "entity": {
                "uniqueEntityId": "01FR9EZ700GF58SYZDR14FD64F",
                "nonUniqueEntityId": 58
            }
        },
        "51": {
            "poolId": "C",
            "uniqueEntityId": "01FR9EZ700GF58SYZDR14FD65D",
            "nonUniqueEntityId": 64,
            "entity": {
                "uniqueEntityId": "01FR9EZ700GF58SYZDR14FD65D",
                "nonUniqueEntityId": 64
            }
        },
        "52": {
            "poolId": "C",
            "uniqueEntityId": "01FR9EZ700GF58SYZDR14FD65K",
            "nonUniqueEntityId": 65,
            "entity": {
                "uniqueEntityId": "01FR9EZ700GF58SYZDR14FD65K",
                "nonUniqueEntityId": 65
            }
        },
        "53": {
            "poolId": "C",
            "uniqueEntityId": "01FR9EZ700GF58SYZDR14FD65M",
            "nonUniqueEntityId": 66,
            "entity": {
                "uniqueEntityId": "01FR9EZ700GF58SYZDR14FD65M",
                "nonUniqueEntityId": 66
            }
        },
        "56": {
            "poolId": "C",
            "uniqueEntityId": "01FR9EZ700GF58SYZDR14FD65Y",
            "nonUniqueEntityId": 69,
            "entity": {
                "uniqueEntityId": "01FR9EZ700GF58SYZDR14FD65Y",
                "nonUniqueEntityId": 69
            }
        },
        "60": {
            "poolId": "C",
            "uniqueEntityId": "01FR9EZ700GF58SYZDR14FD66S",
            "nonUniqueEntityId": 75,
            "entity": {
                "uniqueEntityId": "01FR9EZ700GF58SYZDR14FD66S",
                "nonUniqueEntityId": 75
            }
        },
        "62": {
            "poolId": "C",
            "uniqueEntityId": "01FR9EZ700GF58SYZDR14FD66Y",
            "nonUniqueEntityId": 77,
            "entity": {
                "uniqueEntityId": "01FR9EZ700GF58SYZDR14FD66Y",
                "nonUniqueEntityId": 77
            }
        },
        "64": {
            "poolId": "C",
            "uniqueEntityId": "01FR9EZ700GF58SYZDR14FD67A",
            "nonUniqueEntityId": 79,
            "entity": {
                "uniqueEntityId": "01FR9EZ700GF58SYZDR14FD67A",
                "nonUniqueEntityId": 79
            }
        },
        "67": {
            "poolId": "C",
            "uniqueEntityId": "01FR9EZ700GF58SYZDR14FD67P",
            "nonUniqueEntityId": 84,
            "entity": {
                "uniqueEntityId": "01FR9EZ700GF58SYZDR14FD67P",
                "nonUniqueEntityId": 84
            }
        },
        "69": {
            "poolId": "C",
            "uniqueEntityId": "01FR9EZ700GF58SYZDR14FD67Y",
            "nonUniqueEntityId": 86,
            "entity": {
                "uniqueEntityId": "01FR9EZ700GF58SYZDR14FD67Y",
                "nonUniqueEntityId": 86
            }
        },
        "70": {
            "poolId": "C",
            "uniqueEntityId": "01FR9EZ700GF58SYZDR14FD683",
            "nonUniqueEntityId": 88,
            "entity": {
                "uniqueEntityId": "01FR9EZ700GF58SYZDR14FD683",
                "nonUniqueEntityId": 88
            }
        },
        "72": {
            "poolId": "C",
            "uniqueEntityId": "01FR9EZ700GF58SYZDR14FD68C",
            "nonUniqueEntityId": 90,
            "entity": {
                "uniqueEntityId": "01FR9EZ700GF58SYZDR14FD68C",
                "nonUniqueEntityId": 90
            }
        },
        "73": {
            "poolId": "C",
            "uniqueEntityId": "01FR9EZ700GF58SYZDR14FD68R",
            "nonUniqueEntityId": 93,
            "entity": {
                "uniqueEntityId": "01FR9EZ700GF58SYZDR14FD68R",
                "nonUniqueEntityId": 93
            }
        },
        "75": {
            "poolId": "C",
            "uniqueEntityId": "01FR9EZ700GF58SYZDR14FD695",
            "nonUniqueEntityId": 98,
            "entity": {
                "uniqueEntityId": "01FR9EZ700GF58SYZDR14FD695",
                "nonUniqueEntityId": 98
            }
        },
        "77": {
            "poolId": "C",
            "uniqueEntityId": "01FR9EZ700GF58SYZDR14FD69Z",
            "nonUniqueEntityId": 103,
            "entity": {
                "uniqueEntityId": "01FR9EZ700GF58SYZDR14FD69Z",
                "nonUniqueEntityId": 103
            }
        },
        "78": {
            "poolId": "C",
            "uniqueEntityId": "01FR9EZ700GF58SYZDR14FD6A0",
            "nonUniqueEntityId": 104,
            "entity": {
                "uniqueEntityId": "01FR9EZ700GF58SYZDR14FD6A0",
                "nonUniqueEntityId": 104
            }
        },
        "79": {
            "poolId": "C",
            "uniqueEntityId": "01FR9EZ700GF58SYZDR14FD6AA",
            "nonUniqueEntityId": 106,
            "entity": {
                "uniqueEntityId": "01FR9EZ700GF58SYZDR14FD6AA",
                "nonUniqueEntityId": 106
            }
        },
        "81": {
            "poolId": "C",
            "uniqueEntityId": "01FR9EZ700GF58SYZDR14FD6AJ",
            "nonUniqueEntityId": 109,
            "entity": {
                "uniqueEntityId": "01FR9EZ700GF58SYZDR14FD6AJ",
                "nonUniqueEntityId": 109
            }
        },
        "82": {
            "poolId": "C",
            "uniqueEntityId": "01FR9EZ700GF58SYZDR14FD6AN",
            "nonUniqueEntityId": 111,
            "entity": {
                "uniqueEntityId": "01FR9EZ700GF58SYZDR14FD6AN",
                "nonUniqueEntityId": 111
            }
        },
        "88": {
            "poolId": "C",
            "uniqueEntityId": "01FR9EZ700GF58SYZDR14FD6C0",
            "nonUniqueEntityId": 119,
            "entity": {
                "uniqueEntityId": "01FR9EZ700GF58SYZDR14FD6C0",
                "nonUniqueEntityId": 119
            }
        },
        "89": {
            "poolId": "C",
            "uniqueEntityId": "01FR9EZ700GF58SYZDR14FD6C5",
            "nonUniqueEntityId": 120,
            "entity": {
                "uniqueEntityId": "01FR9EZ700GF58SYZDR14FD6C5",
                "nonUniqueEntityId": 120
            }
        }
    },
    "B": {
        "3": {
            "poolId": "B",
            "uniqueEntityId": "01FR9EZ700GF58SYZDR14FD5WY",
            "nonUniqueEntityId": 2,
            "entity": {
                "uniqueEntityId": "01FR9EZ700GF58SYZDR14FD5WY",
                "nonUniqueEntityId": 2
            }
        },
        "4": {
            "poolId": "B",
            "uniqueEntityId": "01FR9EZ700GF58SYZDR14FD5XF",
            "nonUniqueEntityId": 5,
            "entity": {
                "uniqueEntityId": "01FR9EZ700GF58SYZDR14FD5XF",
                "nonUniqueEntityId": 5
            }
        },
        "5": {
            "poolId": "B",
            "uniqueEntityId": "01FR9EZ700GF58SYZDR14FD5XM",
            "nonUniqueEntityId": 8,
            "entity": {
                "uniqueEntityId": "01FR9EZ700GF58SYZDR14FD5XM",
                "nonUniqueEntityId": 8
            }
        },
        "6": {
            "poolId": "B",
            "uniqueEntityId": "01FR9EZ700GF58SYZDR14FD5XX",
            "nonUniqueEntityId": 10,
            "entity": {
                "uniqueEntityId": "01FR9EZ700GF58SYZDR14FD5XX",
                "nonUniqueEntityId": 10
            }
        },
        "7": {
            "poolId": "B",
            "uniqueEntityId": "01FR9EZ700GF58SYZDR14FD5Y4",
            "nonUniqueEntityId": 12,
            "entity": {
                "uniqueEntityId": "01FR9EZ700GF58SYZDR14FD5Y4",
                "nonUniqueEntityId": 12
            }
        },
        "8": {
            "poolId": "B",
            "uniqueEntityId": "01FR9EZ700GF58SYZDR14FD5Y5",
            "nonUniqueEntityId": 13,
            "entity": {
                "uniqueEntityId": "01FR9EZ700GF58SYZDR14FD5Y5",
                "nonUniqueEntityId": 13
            }
        },
        "11": {
            "poolId": "B",
            "uniqueEntityId": "01FR9EZ700GF58SYZDR14FD5Z6",
            "nonUniqueEntityId": 20,
            "entity": {
                "uniqueEntityId": "01FR9EZ700GF58SYZDR14FD5Z6",
                "nonUniqueEntityId": 20
            }
        },
        "13": {
            "poolId": "B",
            "uniqueEntityId": "01FR9EZ700GF58SYZDR14FD5ZE",
            "nonUniqueEntityId": 22,
            "entity": {
                "uniqueEntityId": "01FR9EZ700GF58SYZDR14FD5ZE",
                "nonUniqueEntityId": 22
            }
        },
        "14": {
            "poolId": "B",
            "uniqueEntityId": "01FR9EZ700GF58SYZDR14FD5ZF",
            "nonUniqueEntityId": 23,
            "entity": {
                "uniqueEntityId": "01FR9EZ700GF58SYZDR14FD5ZF",
                "nonUniqueEntityId": 23
            }
        },
        "16": {
            "poolId": "B",
            "uniqueEntityId": "01FR9EZ700GF58SYZDR14FD609",
            "nonUniqueEntityId": 29,
            "entity": {
                "uniqueEntityId": "01FR9EZ700GF58SYZDR14FD609",
                "nonUniqueEntityId": 29
            }
        },
        "20": {
            "poolId": "B",
            "uniqueEntityId": "01FR9EZ700GF58SYZDR14FD60Z",
            "nonUniqueEntityId": 33,
            "entity": {
                "uniqueEntityId": "01FR9EZ700GF58SYZDR14FD60Z",
                "nonUniqueEntityId": 33
            }
        },
        "21": {
            "poolId": "B",
            "uniqueEntityId": "01FR9EZ700GF58SYZDR14FD61F",
            "nonUniqueEntityId": 34,
            "entity": {
                "uniqueEntityId": "01FR9EZ700GF58SYZDR14FD61F",
                "nonUniqueEntityId": 34
            }
        },
        "24": {
            "poolId": "B",
            "uniqueEntityId": "01FR9EZ700GF58SYZDR14FD621",
            "nonUniqueEntityId": 39,
            "entity": {
                "uniqueEntityId": "01FR9EZ700GF58SYZDR14FD621",
                "nonUniqueEntityId": 39
            }
        },
        "26": {
            "poolId": "B",
            "uniqueEntityId": "01FR9EZ700GF58SYZDR14FD62D",
            "nonUniqueEntityId": 40,
            "entity": {
                "uniqueEntityId": "01FR9EZ700GF58SYZDR14FD62D",
                "nonUniqueEntityId": 40
            }
        },
        "27": {
            "poolId": "B",
            "uniqueEntityId": "01FR9EZ700GF58SYZDR14FD631",
            "nonUniqueEntityId": 45,
            "entity": {
                "uniqueEntityId": "01FR9EZ700GF58SYZDR14FD631",
                "nonUniqueEntityId": 45
            }
        },
        "29": {
            "poolId": "B",
            "uniqueEntityId": "01FR9EZ700GF58SYZDR14FD639",
            "nonUniqueEntityId": 48,
            "entity": {
                "uniqueEntityId": "01FR9EZ700GF58SYZDR14FD639",
                "nonUniqueEntityId": 48
            }
        },
        "30": {
            "poolId": "B",
            "uniqueEntityId": "01FR9EZ700GF58SYZDR14FD63B",
            "nonUniqueEntityId": 50,
            "entity": {
                "uniqueEntityId": "01FR9EZ700GF58SYZDR14FD63B",
                "nonUniqueEntityId": 50
            }
        },
        "31": {
            "poolId": "B",
            "uniqueEntityId": "01FR9EZ700GF58SYZDR14FD63G",
            "nonUniqueEntityId": 51,
            "entity": {
                "uniqueEntityId": "01FR9EZ700GF58SYZDR14FD63G",
                "nonUniqueEntityId": 51
            }
        },
        "34": {
            "poolId": "B",
            "uniqueEntityId": "01FR9EZ700GF58SYZDR14FD640",
            "nonUniqueEntityId": 57,
            "entity": {
                "uniqueEntityId": "01FR9EZ700GF58SYZDR14FD640",
                "nonUniqueEntityId": 57
            }
        },
        "35": {
            "poolId": "B",
            "uniqueEntityId": "01FR9EZ700GF58SYZDR14FD64M",
            "nonUniqueEntityId": 60,
            "entity": {
                "uniqueEntityId": "01FR9EZ700GF58SYZDR14FD64M",
                "nonUniqueEntityId": 60
            }
        },
        "37": {
            "poolId": "B",
            "uniqueEntityId": "01FR9EZ700GF58SYZDR14FD64W",
            "nonUniqueEntityId": 61,
            "entity": {
                "uniqueEntityId": "01FR9EZ700GF58SYZDR14FD64W",
                "nonUniqueEntityId": 61
            }
        },
        "40": {
            "poolId": "B",
            "uniqueEntityId": "01FR9EZ700GF58SYZDR14FD65P",
            "nonUniqueEntityId": 67,
            "entity": {
                "uniqueEntityId": "01FR9EZ700GF58SYZDR14FD65P",
                "nonUniqueEntityId": 67
            }
        },
        "42": {
            "poolId": "B",
            "uniqueEntityId": "01FR9EZ700GF58SYZDR14FD661",
            "nonUniqueEntityId": 70,
            "entity": {
                "uniqueEntityId": "01FR9EZ700GF58SYZDR14FD661",
                "nonUniqueEntityId": 70
            }
        },
        "44": {
            "poolId": "B",
            "uniqueEntityId": "01FR9EZ700GF58SYZDR14FD66G",
            "nonUniqueEntityId": 72,
            "entity": {
                "uniqueEntityId": "01FR9EZ700GF58SYZDR14FD66G",
                "nonUniqueEntityId": 72
            }
        },
        "45": {
            "poolId": "B",
            "uniqueEntityId": "01FR9EZ700GF58SYZDR14FD66M",
            "nonUniqueEntityId": 73,
            "entity": {
                "uniqueEntityId": "01FR9EZ700GF58SYZDR14FD66M",
                "nonUniqueEntityId": 73
            }
        },
        "47": {
            "poolId": "B",
            "uniqueEntityId": "01FR9EZ700GF58SYZDR14FD673",
            "nonUniqueEntityId": 78,
            "entity": {
                "uniqueEntityId": "01FR9EZ700GF58SYZDR14FD673",
                "nonUniqueEntityId": 78
            }
        },
        "48": {
            "poolId": "B",
            "uniqueEntityId": "01FR9EZ700GF58SYZDR14FD67D",
            "nonUniqueEntityId": 80,
            "entity": {
                "uniqueEntityId": "01FR9EZ700GF58SYZDR14FD67D",
                "nonUniqueEntityId": 80
            }
        },
        "50": {
            "poolId": "B",
            "uniqueEntityId": "01FR9EZ700GF58SYZDR14FD67N",
            "nonUniqueEntityId": 83,
            "entity": {
                "uniqueEntityId": "01FR9EZ700GF58SYZDR14FD67N",
                "nonUniqueEntityId": 83
            }
        },
        "53": {
            "poolId": "B",
            "uniqueEntityId": "01FR9EZ700GF58SYZDR14FD684",
            "nonUniqueEntityId": 89,
            "entity": {
                "uniqueEntityId": "01FR9EZ700GF58SYZDR14FD684",
                "nonUniqueEntityId": 89
            }
        },
        "54": {
            "poolId": "B",
            "uniqueEntityId": "01FR9EZ700GF58SYZDR14FD68E",
            "nonUniqueEntityId": 92,
            "entity": {
                "uniqueEntityId": "01FR9EZ700GF58SYZDR14FD68E",
                "nonUniqueEntityId": 92
            }
        },
        "55": {
            "poolId": "B",
            "uniqueEntityId": "01FR9EZ700GF58SYZDR14FD68S",
            "nonUniqueEntityId": 94,
            "entity": {
                "uniqueEntityId": "01FR9EZ700GF58SYZDR14FD68S",
                "nonUniqueEntityId": 94
            }
        },
        "56": {
            "poolId": "B",
            "uniqueEntityId": "01FR9EZ700GF58SYZDR14FD68X",
            "nonUniqueEntityId": 97,
            "entity": {
                "uniqueEntityId": "01FR9EZ700GF58SYZDR14FD68X",
                "nonUniqueEntityId": 97
            }
        },
        "58": {
            "poolId": "B",
            "uniqueEntityId": "01FR9EZ700GF58SYZDR14FD69C",
            "nonUniqueEntityId": 99,
            "entity": {
                "uniqueEntityId": "01FR9EZ700GF58SYZDR14FD69C",
                "nonUniqueEntityId": 99
            }
        },
        "59": {
            "poolId": "B",
            "uniqueEntityId": "01FR9EZ700GF58SYZDR14FD69S",
            "nonUniqueEntityId": 100,
            "entity": {
                "uniqueEntityId": "01FR9EZ700GF58SYZDR14FD69S",
                "nonUniqueEntityId": 100
            }
        },
        "60": {
            "poolId": "B",
            "uniqueEntityId": "01FR9EZ700GF58SYZDR14FD69W",
            "nonUniqueEntityId": 102,
            "entity": {
                "uniqueEntityId": "01FR9EZ700GF58SYZDR14FD69W",
                "nonUniqueEntityId": 102
            }
        },
        "62": {
            "poolId": "B",
            "uniqueEntityId": "01FR9EZ700GF58SYZDR14FD6AC",
            "nonUniqueEntityId": 107,
            "entity": {
                "uniqueEntityId": "01FR9EZ700GF58SYZDR14FD6AC",
                "nonUniqueEntityId": 107
            }
        },
        "63": {
            "poolId": "B",
            "uniqueEntityId": "01FR9EZ700GF58SYZDR14FD6AF",
            "nonUniqueEntityId": 108,
            "entity": {
                "uniqueEntityId": "01FR9EZ700GF58SYZDR14FD6AF",
                "nonUniqueEntityId": 108
            }
        },
        "64": {
            "poolId": "B",
            "uniqueEntityId": "01FR9EZ700GF58SYZDR14FD6AM",
            "nonUniqueEntityId": 110,
            "entity": {
                "uniqueEntityId": "01FR9EZ700GF58SYZDR14FD6AM",
                "nonUniqueEntityId": 110
            }
        },
        "68": {
            "poolId": "B",
            "uniqueEntityId": "01FR9EZ700GF58SYZDR14FD6BG",
            "nonUniqueEntityId": 115,
            "entity": {
                "uniqueEntityId": "01FR9EZ700GF58SYZDR14FD6BG",
                "nonUniqueEntityId": 115
            }
        }
    }
}
